// Jest Snapshot v1, https://goo.gl/fbAQLP

exports[`should render using shallow 1`] = `
<Exception
  type="404"
/>
`;
