// Jest Snapshot v1, https://goo.gl/fbAQLP

exports[`should render using shallow 1`] = `
Array [
  <button
    className="ant-btn ant-btn-primary ant-btn-sm"
    onClick={[Function]}
    style={
        Object {
            "fontSize": 12,
            "height": 28,
            "margin": "6px 8px",
            "width": 44,
          }
    }
    type="button"
>
    <span
        key=".0"
    >
        创 建
    </span>
</button>,
  <div>
    <div
        className="ant-table-wrapper styled-table"
    >
        <div
            className="ant-spin-nested-loading"
            style={null}
        >
            <div
                className="ant-spin-container"
                key="container"
            >
                <div
                    className="ant-table ant-table-small ant-table-bordered ant-table-scroll-position-left"
                    style={Object {}}
                >
                    <div
                        className="ant-table-content"
                    >
                        <div
                            className="ant-table-body"
                            key="bodyTable"
                            onScroll={[Function]}
                            onWheel={[Function]}
                            style={Object {}}
                        >
                            <table
                                className=""
                                key="table"
                                style={Object {}}
                            >
                                <colgroup>
                                    <col
                                        key="id"
                                        style={
                                            Object {
                                                "minWidth": undefined,
                                                "width": undefined,
                                              }
                                        }
                                    />
                                    <col
                                        key="name"
                                        style={
                                            Object {
                                                "minWidth": undefined,
                                                "width": undefined,
                                              }
                                        }
                                    />
                                    <col
                                        key="abbreviation"
                                        style={
                                            Object {
                                                "minWidth": undefined,
                                                "width": undefined,
                                              }
                                        }
                                    />
                                    <col
                                        key="created_at"
                                        style={
                                            Object {
                                                "minWidth": undefined,
                                                "width": undefined,
                                              }
                                        }
                                    />
                                </colgroup>
                                <thead
                                    className="ant-table-thead"
                                >
                                    <tr
                                        style={
                                            Object {
                                                "height": null,
                                              }
                                        }
                                    >
                                        <th
                                            className=""
                                            key="id"
                                        >
                                            <span
                                                key="id"
                                            >
                                                机构ID
                                            </span>
                                        </th>
                                        <th
                                            className=""
                                            key="name"
                                        >
                                            <span
                                                key="name"
                                            >
                                                机构名称
                                            </span>
                                        </th>
                                        <th
                                            className=""
                                            key="abbreviation"
                                        >
                                            <span
                                                key="abbreviation"
                                            >
                                                机构简称
                                            </span>
                                        </th>
                                        <th
                                            className=""
                                            key="created_at"
                                        >
                                            <span
                                                key="created_at"
                                            >
                                                创建时间
                                            </span>
                                        </th>
                                    </tr>
                                </thead>
                                <tbody
                                    className="ant-table-tbody"
                                >
                                    <tr
                                        className="ant-table-row  ant-table-row-level-0"
                                        onClick={[Function]}
                                        onContextMenu={[Function]}
                                        onDoubleClick={[Function]}
                                        onMouseEnter={[Function]}
                                        onMouseLeave={[Function]}
                                        style={
                                            Object {
                                                "height": null,
                                              }
                                        }
                                    >
                                        <td
                                            className=""
                                            onClick={[Function]}
                                        >
                                            <span
                                                className="ant-table-row-indent indent-level-0"
                                                style={
                                                    Object {
                                                        "paddingLeft": "0px",
                                                      }
                                                }
                                            />
                                            1
                                        </td>
                                        <td
                                            className=""
                                            onClick={[Function]}
                                        >
                                            上海测试科技有限公司
                                        </td>
                                        <td
                                            className=""
                                            onClick={[Function]}
                                        >
                                            测试
                                        </td>
                                        <td
                                            className=""
                                            onClick={[Function]}
                                        >
                                            1999-09-09 09:09:09
                                        </td>
                                    </tr>
                                    <tr
                                        className="ant-table-row  ant-table-row-level-0"
                                        onClick={[Function]}
                                        onContextMenu={[Function]}
                                        onDoubleClick={[Function]}
                                        onMouseEnter={[Function]}
                                        onMouseLeave={[Function]}
                                        style={
                                            Object {
                                                "height": null,
                                              }
                                        }
                                    >
                                        <td
                                            className=""
                                            onClick={[Function]}
                                        >
                                            <span
                                                className="ant-table-row-indent indent-level-0"
                                                style={
                                                    Object {
                                                        "paddingLeft": "0px",
                                                      }
                                                }
                                            />
                                            2
                                        </td>
                                        <td
                                            className=""
                                            onClick={[Function]}
                                        >
                                            Apple Inc
                                        </td>
                                        <td
                                            className=""
                                            onClick={[Function]}
                                        >
                                            APPL
                                        </td>
                                        <td
                                            className=""
                                            onClick={[Function]}
                                        >
                                            1999-09-09 09:09:09
                                        </td>
                                    </tr>
                                    <tr
                                        className="ant-table-row  ant-table-row-level-0"
                                        onClick={[Function]}
                                        onContextMenu={[Function]}
                                        onDoubleClick={[Function]}
                                        onMouseEnter={[Function]}
                                        onMouseLeave={[Function]}
                                        style={
                                            Object {
                                                "height": null,
                                              }
                                        }
                                    >
                                        <td
                                            className=""
                                            onClick={[Function]}
                                        >
                                            <span
                                                className="ant-table-row-indent indent-level-0"
                                                style={
                                                    Object {
                                                        "paddingLeft": "0px",
                                                      }
                                                }
                                            />
                                            3
                                        </td>
                                        <td
                                            className=""
                                            onClick={[Function]}
                                        >
                                            Google Inc
                                        </td>
                                        <td
                                            className=""
                                            onClick={[Function]}
                                        >
                                            GOOL
                                        </td>
                                        <td
                                            className=""
                                            onClick={[Function]}
                                        >
                                            1999-09-09 09:09:09
                                        </td>
                                    </tr>
                                </tbody>
                            </table>
                        </div>
                    </div>
                </div>
                <ul
                    className="ant-pagination ant-table-pagination mini"
                    style={Object {}}
                    unselectable="unselectable"
                >
                    <li
                        className="ant-pagination-total-text"
                    >
                        1-3/30
                    </li>
                    <li
                        aria-disabled={true}
                        className="ant-pagination-disabled ant-pagination-prev"
                        onClick={[Function]}
                        onKeyPress={[Function]}
                        tabIndex={null}
                        title="Previous Page"
                    >
                        <a
                            className="ant-pagination-item-link"
                        />
                    </li>
                    <li
                        className="ant-pagination-item ant-pagination-item-1 ant-pagination-item-active"
                        onClick={[Function]}
                        onKeyPress={[Function]}
                        tabIndex="0"
                        title={1}
                    >
                        <a>
                            1
                        </a>
                    </li>
                    <li
                        className="ant-pagination-item ant-pagination-item-2"
                        onClick={[Function]}
                        onKeyPress={[Function]}
                        tabIndex="0"
                        title={2}
                    >
                        <a>
                            2
                        </a>
                    </li>
                    <li
                        className="ant-pagination-item ant-pagination-item-3"
                        onClick={[Function]}
                        onKeyPress={[Function]}
                        tabIndex="0"
                        title={3}
                    >
                        <a>
                            3
                        </a>
                    </li>
                    <li
                        className="ant-pagination-item ant-pagination-item-4"
                        onClick={[Function]}
                        onKeyPress={[Function]}
                        tabIndex="0"
                        title={4}
                    >
                        <a>
                            4
                        </a>
                    </li>
                    <li
                        className="ant-pagination-item ant-pagination-item-5 ant-pagination-item-before-jump-next"
                        onClick={[Function]}
                        onKeyPress={[Function]}
                        tabIndex="0"
                        title={5}
                    >
                        <a>
                            5
                        </a>
                    </li>
                    <li
                        className="ant-pagination-jump-next"
                        key="next"
                        onClick={[Function]}
                        onKeyPress={[Function]}
                        tabIndex="0"
                        title="Next 5 Pages"
                    >
                        <a
                            className="ant-pagination-item-link"
                        />
                    </li>
                    <li
                        className="ant-pagination-item ant-pagination-item-10"
                        onClick={[Function]}
                        onKeyPress={[Function]}
                        tabIndex="0"
                        title={10}
                    >
                        <a>
                            10
                        </a>
                    </li>
                    <li
                        aria-disabled={false}
                        className=" ant-pagination-next"
                        onClick={[Function]}
                        onKeyPress={[Function]}
                        tabIndex={0}
                        title="Next Page"
                    >
                        <a
                            className="ant-pagination-item-link"
                        />
                    </li>
                </ul>
            </div>
        </div>
    </div>
</div>,
]
`;
